(compute modified)
(and computing via hidden member function)
Computed: 246
