from directly called function
from INDIRECTLY called function
Computed: 123
